// Jest Snapshot v1, https://goo.gl/fbAQLP

exports[`render a snapshot 1`] = `undefined`;
